---
{"kind": "pipeline", "type": "docker", "name": "default"}
---
{"kind": "pipeline", "type": "docker", "name": "default"}
